../Core/Src/electronic_lock.c:20:6:fsm_electronic_lock_run	8	static
../Core/Src/electronic_lock.c:78:13:reset_inputs	16	static
../Core/Src/electronic_lock.c:91:13:read_edges	24	static
../Core/Src/electronic_lock.c:99:9:check_password	16	static
../Core/Src/electronic_lock.c:108:6:init_idle	24	static
../Core/Src/electronic_lock.c:119:6:init_receive_password_number	24	static
../Core/Src/electronic_lock.c:125:6:init_receive_password_character	24	static
../Core/Src/electronic_lock.c:131:6:init_process_and_control	24	static
../Core/Src/electronic_lock.c:140:6:init_unlock_door	24	static
../Core/Src/electronic_lock.c:148:6:init_door_open	24	static
../Core/Src/electronic_lock.c:157:6:init_door_close	24	static
../Core/Src/electronic_lock.c:166:6:init_alert	24	static
../Core/Src/electronic_lock.c:175:6:init_lock_door	24	static
../Core/Src/electronic_lock.c:188:6:idle_receive_password_number	4	static
../Core/Src/electronic_lock.c:192:6:idle_receive_password_character	4	static
../Core/Src/electronic_lock.c:196:6:init	4	static
../Core/Src/electronic_lock.c:200:6:idle	48	static
../Core/Src/electronic_lock.c:281:6:receive_password_number	32	static
../Core/Src/electronic_lock.c:353:6:receive_password_character	32	static
../Core/Src/electronic_lock.c:424:6:process_and_control	24	static
../Core/Src/electronic_lock.c:446:6:password_incorrect	16	static
../Core/Src/electronic_lock.c:463:6:init_lockout	32	static
../Core/Src/electronic_lock.c:472:6:lockout	8	static
../Core/Src/electronic_lock.c:489:6:unlock_door	24	static
../Core/Src/electronic_lock.c:517:6:door_open	24	static
../Core/Src/electronic_lock.c:543:6:door_close	24	static
../Core/Src/electronic_lock.c:560:6:alert	24	static
../Core/Src/electronic_lock.c:578:6:lock_door	8	static
