../Core/Src/electronic_lock.c:25:6:fsm_electronic_lock_run	8	static
../Core/Src/electronic_lock.c:88:13:reset_inputs	16	static
../Core/Src/electronic_lock.c:101:13:read_edges	24	static
../Core/Src/electronic_lock.c:109:9:check_password	16	static
../Core/Src/electronic_lock.c:118:6:init_idle	24	static
../Core/Src/electronic_lock.c:130:6:init_receive_password_number	24	static
../Core/Src/electronic_lock.c:136:6:init_receive_password_character	24	static
../Core/Src/electronic_lock.c:142:6:init_process_and_control	24	static
../Core/Src/electronic_lock.c:151:6:init_unlock_door	24	static
../Core/Src/electronic_lock.c:159:6:init_door_open	24	static
../Core/Src/electronic_lock.c:168:6:init_door_close	24	static
../Core/Src/electronic_lock.c:177:6:init_alert	24	static
../Core/Src/electronic_lock.c:186:6:init_lock_door	24	static
../Core/Src/electronic_lock.c:197:6:init_update_password	4	static
../Core/Src/electronic_lock.c:210:6:idle_receive_password_number	4	static
../Core/Src/electronic_lock.c:214:6:idle_receive_password_character	4	static
../Core/Src/electronic_lock.c:218:6:init	4	static
../Core/Src/electronic_lock.c:222:6:idle	48	static
../Core/Src/electronic_lock.c:310:6:receive_password_number	32	static
../Core/Src/electronic_lock.c:382:6:receive_password_character	32	static
../Core/Src/electronic_lock.c:461:6:show_7SEGMENT	32	static
../Core/Src/electronic_lock.c:478:6:process_and_control	24	static
../Core/Src/electronic_lock.c:501:6:password_incorrect	16	static
../Core/Src/electronic_lock.c:547:6:init_lockout	40	static
../Core/Src/electronic_lock.c:558:6:lockout	16	static
../Core/Src/electronic_lock.c:575:6:unlock_door	24	static
../Core/Src/electronic_lock.c:603:6:door_open	24	static
../Core/Src/electronic_lock.c:629:6:door_close	24	static
../Core/Src/electronic_lock.c:646:6:alert	24	static
../Core/Src/electronic_lock.c:664:6:lock_door	8	static
../Core/Src/electronic_lock.c:673:12:get_digit_from_edges	16	static
../Core/Src/electronic_lock.c:687:6:update_password_number	4	static
../Core/Src/electronic_lock.c:691:6:update_password_character	4	static
../Core/Src/electronic_lock.c:696:6:super_init_change_password_number	32	static
../Core/Src/electronic_lock.c:721:6:reset_change_password_form	32	static
../Core/Src/electronic_lock.c:744:6:init_change_password_number	24	static
../Core/Src/electronic_lock.c:753:6:init_change_password_character	24	static
../Core/Src/electronic_lock.c:761:6:change_password_number	88	static
../Core/Src/electronic_lock.c:906:6:change_password_character	96	static
