../Core/Src/electronic_lock.c:26:6:fsm_electronic_lock_run	8	static
../Core/Src/electronic_lock.c:89:13:reset_inputs	16	static
../Core/Src/electronic_lock.c:102:13:read_edges	24	static
../Core/Src/electronic_lock.c:110:9:check_password	16	static
../Core/Src/electronic_lock.c:119:6:init_idle	24	static
../Core/Src/electronic_lock.c:131:6:init_receive_password_number	24	static
../Core/Src/electronic_lock.c:137:6:init_receive_password_character	24	static
../Core/Src/electronic_lock.c:143:6:init_process_and_control	24	static
../Core/Src/electronic_lock.c:152:6:init_unlock_door	24	static
../Core/Src/electronic_lock.c:160:6:init_door_open	24	static
../Core/Src/electronic_lock.c:169:6:init_door_close	24	static
../Core/Src/electronic_lock.c:178:6:init_alert	24	static
../Core/Src/electronic_lock.c:189:6:init_lock_door	24	static
../Core/Src/electronic_lock.c:200:6:init_update_password	4	static
../Core/Src/electronic_lock.c:213:6:idle_receive_password_number	4	static
../Core/Src/electronic_lock.c:217:6:idle_receive_password_character	4	static
../Core/Src/electronic_lock.c:221:6:init	4	static
../Core/Src/electronic_lock.c:225:6:idle	48	static
../Core/Src/electronic_lock.c:313:6:receive_password_number	32	static
../Core/Src/electronic_lock.c:385:6:receive_password_character	32	static
../Core/Src/electronic_lock.c:464:6:show_7SEGMENT	32	static
../Core/Src/electronic_lock.c:481:6:process_and_control	24	static
../Core/Src/electronic_lock.c:504:6:password_incorrect	16	static
../Core/Src/electronic_lock.c:550:6:init_lockout	40	static
../Core/Src/electronic_lock.c:561:6:lockout	16	static
../Core/Src/electronic_lock.c:578:6:unlock_door	24	static
../Core/Src/electronic_lock.c:606:6:door_open	24	static
../Core/Src/electronic_lock.c:632:6:door_close	24	static
../Core/Src/electronic_lock.c:649:6:alert	24	static
../Core/Src/electronic_lock.c:673:6:lock_door	8	static
../Core/Src/electronic_lock.c:682:12:get_digit_from_edges	16	static
../Core/Src/electronic_lock.c:696:6:update_password_number	4	static
../Core/Src/electronic_lock.c:700:6:update_password_character	4	static
../Core/Src/electronic_lock.c:705:6:super_init_change_password_number	32	static
../Core/Src/electronic_lock.c:730:6:reset_change_password_form	32	static
../Core/Src/electronic_lock.c:753:6:init_change_password_number	24	static
../Core/Src/electronic_lock.c:762:6:init_change_password_character	24	static
../Core/Src/electronic_lock.c:770:6:change_password_number	88	static
../Core/Src/electronic_lock.c:914:6:change_password_character	96	static
